// Jest Snapshot v1, https://goo.gl/fbAQLP

exports[`Render components render Details correctly 1`] = `
<div
  className="container"
/>
`;
